// Jest Snapshot v1, https://goo.gl/fbAQLP

exports[`ix-dropdown renders 1`] = `
<ix-dropdown class="dropdown-menu overflow" style="margin: 0; min-width: 0px; position: fixed;">
  <mock:shadow-root>
    <div style="display: contents;">
      <slot></slot>
    </div>
  </mock:shadow-root>
  <ix-dropdown-item></ix-dropdown-item>
</ix-dropdown>
`;
