// Jest Snapshot v1, https://goo.gl/fbAQLP

exports[`ix-message-bar renders 1`] = `
<ix-message-bar type="danger">
  <mock:shadow-root>
    <div class="danger message-container" role="alert">
      <ix-icon color="color-alarm" name="error"></ix-icon>
      <div class="message-content">
        <slot></slot>
      </div>
      <ix-icon-button data-testid="close-btn" ghost="" icon="close" size="24"></ix-icon-button>
    </div>
  </mock:shadow-root>
</ix-message-bar>
`;
