// Jest Snapshot v1, https://goo.gl/fbAQLP

exports[`map-navigation-overlay renders 1`] = `<map-navigation-overlay />`;
