// Jest Snapshot v1, https://goo.gl/fbAQLP

exports[`ix-breadcrumb renders 1`] = `
<ix-breadcrumb>
  <mock:shadow-root>
    <ix-dropdown></ix-dropdown>
    <div class="crumb-items">
      <div class="btn clickable crumb" data-breadcrumb="0" data-testid="item">
        <span class="crumb-text remove-anchor">
          <span style="white-space: nowrap; overflow: hidden; text-overflow: ellipsis;"></span>
        </span>
        <ix-icon name="chevron-right-small" size="24"></ix-icon>
      </div>
      <div class="btn clickable crumb" data-breadcrumb="1" data-testid="item">
        <span class="crumb-text remove-anchor">
          <span style="white-space: nowrap; overflow: hidden; text-overflow: ellipsis;"></span>
        </span>
        <ix-icon name="chevron-right-small" size="24"></ix-icon>
      </div>
      <div class="btn clickable crumb" data-breadcrumb="2" data-testid="item">
        <span class="crumb-text remove-anchor">
          <span style="white-space: nowrap; overflow: hidden; text-overflow: ellipsis;"></span>
        </span>
        <ix-icon name="chevron-right-small" size="24"></ix-icon>
      </div>
      <div class="btn clickable crumb last remove-hover" data-breadcrumb="3" data-testid="item">
        <span class="crumb-text remove-anchor">
          <span style="white-space: nowrap; overflow: hidden; text-overflow: ellipsis;"></span>
        </span>
      </div>
      <slot></slot>
    </div>
    <ix-dropdown></ix-dropdown>
  </mock:shadow-root>
  <ix-breadcrumb-item label="Test 1">
    <ix-breadcrumb-item label="Test 2">
      <ix-breadcrumb-item label="Test 3">
        <ix-breadcrumb-item label="Test 4"></ix-breadcrumb-item>
      </ix-breadcrumb-item>
    </ix-breadcrumb-item>
  </ix-breadcrumb-item>
</ix-breadcrumb>
`;
