// Jest Snapshot v1, https://goo.gl/fbAQLP

exports[`modal renders 1`] = `
<ix-modal id="ix-modal-instance-1">
  <!---->
  <div aria-labelledby="modal-title" class="animation backdrop modal scrollable">
    <div class="modal-dialog modal-sm">
      <div class="modal-content">
        <div class="slot-container"></div>
      </div>
    </div>
  </div>
</ix-modal>
`;
