// Jest Snapshot v1, https://goo.gl/fbAQLP

exports[`ix-breadcrumb renders 1`] = `
<ix-breadcrumb>
  <!---->
  <ix-dropdown></ix-dropdown>
  <div class="crumb-items">
    <div class="btn clickable crumb" data-breadcrumb="0" data-testid="item">
      <span class="crumb-text remove-anchor"></span>
      <span class="glyph glyph-18 glyph-chevron-right-small text-default-text"></span>
    </div>
    <div class="btn clickable crumb" data-breadcrumb="1" data-testid="item">
      <span class="crumb-text remove-anchor"></span>
      <span class="glyph glyph-18 glyph-chevron-right-small text-default-text"></span>
    </div>
    <div class="btn clickable crumb" data-breadcrumb="2" data-testid="item">
      <span class="crumb-text remove-anchor"></span>
      <span class="glyph glyph-18 glyph-chevron-right-small text-default-text"></span>
    </div>
    <div class="btn clickable crumb last remove-hover" data-breadcrumb="3" data-testid="item">
      <span class="crumb-text remove-anchor"></span>
    </div>
    <ix-breadcrumb-item label="Test 1">
      <ix-breadcrumb-item label="Test 2">
        <ix-breadcrumb-item label="Test 3">
          <ix-breadcrumb-item label="Test 4"></ix-breadcrumb-item>
        </ix-breadcrumb-item>
      </ix-breadcrumb-item>
    </ix-breadcrumb-item>
  </div>
  <ix-dropdown></ix-dropdown>
</ix-breadcrumb>
`;
