// Jest Snapshot v1, https://goo.gl/fbAQLP

exports[`map-navigation renders 1`] = `<map-navigation />`;
